
> snapstream-image-downloader@4.0.0 test
> jest --watch

sh: 1: jest: not found
